mié 30 sept 2026 20:46:49 -03 - Ping/DNS fallido. Contador: 1/12
mié 30 sept 2026 20:52:09 -03 - Ping/DNS fallido. Contador: 2/12
mié 30 sept 2026 20:57:30 -03 - Ping/DNS fallido. Contador: 3/12
mié 30 sept 2026 21:02:40 -03 - Ping/DNS fallido. Contador: 4/12
mié 30 sept 2026 21:07:42 -03 - Conexión y DNS recuperados. Reiniciando contador.
mié 30 sept 2026 21:17:54 -03 - Ping/DNS fallido. Contador: 1/12
mié 30 sept 2026 21:23:14 -03 - Ping/DNS fallido. Contador: 2/12
mié 30 sept 2026 21:28:16 -03 - Conexión y DNS recuperados. Reiniciando contador.
mié 30 sept 2026 21:33:36 -03 - Ping/DNS fallido. Contador: 1/12
mié 30 sept 2026 21:38:43 -03 - Conexión y DNS recuperados. Reiniciando contador.
mié 30 sept 2026 21:48:56 -03 - Ping/DNS fallido. Contador: 1/12
mié 30 sept 2026 21:54:16 -03 - Ping/DNS fallido. Contador: 2/12
mié 30 sept 2026 21:59:31 -03 - Ping/DNS fallido. Contador: 3/12
mié 30 sept 2026 22:04:46 -03 - Ping/DNS fallido. Contador: 4/12
mié 30 sept 2026 22:09:56 -03 - Ping/DNS fallido. Contador: 5/12
mié 30 sept 2026 22:15:16 -03 - Ping/DNS fallido. Contador: 6/12
mié 30 sept 2026 22:20:36 -03 - Ping/DNS fallido. Contador: 7/12
mié 30 sept 2026 22:25:38 -03 - Conexión y DNS recuperados. Reiniciando contador.
mié 30 sept 2026 22:51:07 -03 - Ping/DNS fallido. Contador: 1/12
mié 30 sept 2026 22:56:09 -03 - Conexión y DNS recuperados. Reiniciando contador.
mié 30 sept 2026 23:06:31 -03 - Ping/DNS fallido. Contador: 1/12
mié 30 sept 2026 23:11:51 -03 - Ping/DNS fallido. Contador: 2/12
mié 30 sept 2026 23:16:53 -03 - Conexión y DNS recuperados. Reiniciando contador.
mié 30 sept 2026 23:22:03 -03 - Ping/DNS fallido. Contador: 1/12
mié 30 sept 2026 23:27:05 -03 - Conexión y DNS recuperados. Reiniciando contador.
mié 30 sept 2026 23:32:16 -03 - Ping/DNS fallido. Contador: 1/12
mié 30 sept 2026 23:37:26 -03 - Ping/DNS fallido. Contador: 2/12
mié 30 sept 2026 23:42:29 -03 - Conexión y DNS recuperados. Reiniciando contador.
mié 30 sept 2026 23:52:51 -03 - Ping/DNS fallido. Contador: 1/12
mié 30 sept 2026 23:57:53 -03 - Conexión y DNS recuperados. Reiniciando contador.
jue 01 oct 2026 00:08:15 -03 - Ping/DNS fallido. Contador: 1/12
jue 01 oct 2026 00:13:17 -03 - Conexión y DNS recuperados. Reiniciando contador.
jue 01 oct 2026 00:18:37 -03 - Ping/DNS fallido. Contador: 1/12
jue 01 oct 2026 00:23:40 -03 - Conexión y DNS recuperados. Reiniciando contador.
jue 01 oct 2026 00:28:50 -03 - Ping/DNS fallido. Contador: 1/12
jue 01 oct 2026 00:33:53 -03 - Conexión y DNS recuperados. Reiniciando contador.
jue 01 oct 2026 00:59:21 -03 - Ping/DNS fallido. Contador: 1/12
jue 01 oct 2026 01:04:23 -03 - Conexión y DNS recuperados. Reiniciando contador.
jue 01 oct 2026 01:19:39 -03 - Ping/DNS fallido. Contador: 1/12
jue 01 oct 2026 01:24:41 -03 - Conexión y DNS recuperados. Reiniciando contador.
jue 01 oct 2026 01:45:07 -03 - Ping/DNS fallido. Contador: 1/12
jue 01 oct 2026 01:50:09 -03 - Conexión y DNS recuperados. Reiniciando contador.
jue 01 oct 2026 02:00:21 -03 - Ping/DNS fallido. Contador: 1/12
jue 01 oct 2026 02:05:31 -03 - Ping/DNS fallido. Contador: 2/12
jue 01 oct 2026 02:10:34 -03 - Conexión y DNS recuperados. Reiniciando contador.
jue 01 oct 2026 02:25:48 -03 - Ping/DNS fallido. Contador: 1/12
jue 01 oct 2026 02:30:58 -03 - Ping/DNS fallido. Contador: 2/12
jue 01 oct 2026 02:36:18 -03 - Ping/DNS fallido. Contador: 3/12
jue 01 oct 2026 02:41:20 -03 - Conexión y DNS recuperados. Reiniciando contador.
jue 01 oct 2026 03:16:58 -03 - Ping/DNS fallido. Contador: 1/12
jue 01 oct 2026 03:22:00 -03 - Conexión y DNS recuperados. Reiniciando contador.
jue 01 oct 2026 03:42:26 -03 - Ping/DNS fallido. Contador: 1/12
jue 01 oct 2026 03:47:36 -03 - Ping/DNS fallido. Contador: 2/12
jue 01 oct 2026 03:52:51 -03 - Ping/DNS fallido. Contador: 3/12
jue 01 oct 2026 03:57:59 -03 - Conexión y DNS recuperados. Reiniciando contador.
jue 01 oct 2026 04:23:17 -03 - Ping/DNS fallido. Contador: 1/12
jue 01 oct 2026 04:28:37 -03 - Ping/DNS fallido. Contador: 2/12
jue 01 oct 2026 04:33:52 -03 - Ping/DNS fallido. Contador: 3/12
jue 01 oct 2026 04:38:54 -03 - Conexión y DNS recuperados. Reiniciando contador.
jue 01 oct 2026 05:04:13 -03 - Ping/DNS fallido. Contador: 1/12
jue 01 oct 2026 05:09:29 -03 - Ping/DNS fallido. Contador: 2/12
jue 01 oct 2026 05:14:36 -03 - Conexión y DNS recuperados. Reiniciando contador.
jue 01 oct 2026 05:34:52 -03 - Ping/DNS fallido. Contador: 1/12
jue 01 oct 2026 05:40:12 -03 - Ping/DNS fallido. Contador: 2/12
jue 01 oct 2026 05:45:32 -03 - Ping/DNS fallido. Contador: 3/12
jue 01 oct 2026 05:50:42 -03 - Ping/DNS fallido. Contador: 4/12
jue 01 oct 2026 05:55:44 -03 - Conexión y DNS recuperados. Reiniciando contador.
jue 01 oct 2026 06:10:59 -03 - Ping/DNS fallido. Contador: 1/12
jue 01 oct 2026 06:16:09 -03 - Ping/DNS fallido. Contador: 2/12
jue 01 oct 2026 06:21:12 -03 - Conexión y DNS recuperados. Reiniciando contador.
jue 01 oct 2026 06:26:22 -03 - Ping/DNS fallido. Contador: 1/12
jue 01 oct 2026 06:31:24 -03 - Conexión y DNS recuperados. Reiniciando contador.
jue 01 oct 2026 06:36:34 -03 - Ping/DNS fallido. Contador: 1/12
jue 01 oct 2026 06:41:36 -03 - Conexión y DNS recuperados. Reiniciando contador.
jue 01 oct 2026 06:56:51 -03 - Ping/DNS fallido. Contador: 1/12
jue 01 oct 2026 07:02:01 -03 - Ping/DNS fallido. Contador: 2/12
jue 01 oct 2026 07:07:03 -03 - Conexión y DNS recuperados. Reiniciando contador.
jue 01 oct 2026 08:02:49 -03 - Ping/DNS fallido. Contador: 1/12
jue 01 oct 2026 08:07:51 -03 - Conexión y DNS recuperados. Reiniciando contador.
jue 01 oct 2026 08:13:11 -03 - Ping/DNS fallido. Contador: 1/12
jue 01 oct 2026 08:18:13 -03 - Conexión y DNS recuperados. Reiniciando contador.
jue 01 oct 2026 08:23:23 -03 - Ping/DNS fallido. Contador: 1/12
jue 01 oct 2026 08:28:43 -03 - Ping/DNS fallido. Contador: 2/12
jue 01 oct 2026 08:33:45 -03 - Conexión y DNS recuperados. Reiniciando contador.
jue 01 oct 2026 08:43:58 -03 - Ping/DNS fallido. Contador: 1/12
jue 01 oct 2026 08:49:18 -03 - Ping/DNS fallido. Contador: 2/12
jue 01 oct 2026 08:54:25 -03 - Conexión y DNS recuperados. Reiniciando contador.
jue 01 oct 2026 09:04:37 -03 - Ping/DNS fallido. Contador: 1/12
jue 01 oct 2026 09:09:39 -03 - Conexión y DNS recuperados. Reiniciando contador.
jue 01 oct 2026 09:14:59 -03 - Ping/DNS fallido. Contador: 1/12
jue 01 oct 2026 09:20:19 -03 - Ping/DNS fallido. Contador: 2/12
jue 01 oct 2026 09:25:22 -03 - Conexión y DNS recuperados. Reiniciando contador.
jue 01 oct 2026 09:35:39 -03 - Ping/DNS fallido. Contador: 1/12
jue 01 oct 2026 09:40:59 -03 - Ping/DNS fallido. Contador: 2/12
jue 01 oct 2026 09:46:19 -03 - Ping/DNS fallido. Contador: 3/12
jue 01 oct 2026 09:51:39 -03 - Ping/DNS fallido. Contador: 4/12
jue 01 oct 2026 09:56:41 -03 - Conexión y DNS recuperados. Reiniciando contador.
jue 01 oct 2026 10:11:55 -03 - Ping/DNS fallido. Contador: 1/12
jue 01 oct 2026 10:16:58 -03 - Conexión y DNS recuperados. Reiniciando contador.
jue 01 oct 2026 10:27:10 -03 - Ping/DNS fallido. Contador: 1/12
jue 01 oct 2026 10:32:12 -03 - Conexión y DNS recuperados. Reiniciando contador.
jue 01 oct 2026 10:47:36 -03 - Ping/DNS fallido. Contador: 1/12
jue 01 oct 2026 10:52:38 -03 - Conexión y DNS recuperados. Reiniciando contador.
jue 01 oct 2026 10:57:53 -03 - Ping/DNS fallido. Contador: 1/12
jue 01 oct 2026 11:03:13 -03 - Ping/DNS fallido. Contador: 2/12
jue 01 oct 2026 11:08:34 -03 - Ping/DNS fallido. Contador: 3/12
jue 01 oct 2026 11:13:36 -03 - Conexión y DNS recuperados. Reiniciando contador.
jue 01 oct 2026 11:18:56 -03 - Ping/DNS fallido. Contador: 1/12
jue 01 oct 2026 11:24:16 -03 - Ping/DNS fallido. Contador: 2/12
jue 01 oct 2026 11:29:36 -03 - Ping/DNS fallido. Contador: 3/12
jue 01 oct 2026 11:34:46 -03 - Ping/DNS fallido. Contador: 4/12
jue 01 oct 2026 11:39:48 -03 - Conexión y DNS recuperados. Reiniciando contador.
jue 01 oct 2026 11:45:08 -03 - Ping/DNS fallido. Contador: 1/12
jue 01 oct 2026 11:50:28 -03 - Ping/DNS fallido. Contador: 2/12
jue 01 oct 2026 11:55:39 -03 - Ping/DNS fallido. Contador: 3/12
jue 01 oct 2026 12:00:41 -03 - Conexión y DNS recuperados. Reiniciando contador.
jue 01 oct 2026 12:16:05 -03 - Ping/DNS fallido. Contador: 1/12
jue 01 oct 2026 12:21:25 -03 - Ping/DNS fallido. Contador: 2/12
jue 01 oct 2026 12:26:27 -03 - Conexión y DNS recuperados. Reiniciando contador.
jue 01 oct 2026 12:31:47 -03 - Ping/DNS fallido. Contador: 1/12
jue 01 oct 2026 12:37:07 -03 - Ping/DNS fallido. Contador: 2/12
jue 01 oct 2026 12:42:17 -03 - Ping/DNS fallido. Contador: 3/12
jue 01 oct 2026 12:47:27 -03 - Ping/DNS fallido. Contador: 4/12
jue 01 oct 2026 12:52:31 -03 - Conexión y DNS recuperados. Reiniciando contador.
jue 01 oct 2026 13:02:53 -03 - Ping/DNS fallido. Contador: 1/12
jue 01 oct 2026 13:07:55 -03 - Conexión y DNS recuperados. Reiniciando contador.
jue 01 oct 2026 13:13:15 -03 - Ping/DNS fallido. Contador: 1/12
jue 01 oct 2026 13:18:17 -03 - Conexión y DNS recuperados. Reiniciando contador.
jue 01 oct 2026 13:23:37 -03 - Ping/DNS fallido. Contador: 1/12
jue 01 oct 2026 13:28:44 -03 - Conexión y DNS recuperados. Reiniciando contador.
jue 01 oct 2026 13:34:04 -03 - Ping/DNS fallido. Contador: 1/12
jue 01 oct 2026 13:39:15 -03 - Ping/DNS fallido. Contador: 2/12
jue 01 oct 2026 13:44:22 -03 - Conexión y DNS recuperados. Reiniciando contador.
jue 01 oct 2026 14:09:55 -03 - Ping/DNS fallido. Contador: 1/12
jue 01 oct 2026 14:15:15 -03 - Ping/DNS fallido. Contador: 2/12
jue 01 oct 2026 14:20:35 -03 - Ping/DNS fallido. Contador: 3/12
jue 01 oct 2026 14:25:55 -03 - Ping/DNS fallido. Contador: 4/12
jue 01 oct 2026 14:31:15 -03 - Ping/DNS fallido. Contador: 5/12
jue 01 oct 2026 14:36:18 -03 - Conexión y DNS recuperados. Reiniciando contador.
jue 01 oct 2026 14:41:38 -03 - Ping/DNS fallido. Contador: 1/12
jue 01 oct 2026 14:46:40 -03 - Conexión y DNS recuperados. Reiniciando contador.
jue 01 oct 2026 14:51:50 -03 - Ping/DNS fallido. Contador: 1/12
jue 01 oct 2026 14:57:10 -03 - Ping/DNS fallido. Contador: 2/12
jue 01 oct 2026 15:02:25 -03 - Ping/DNS fallido. Contador: 3/12
jue 01 oct 2026 15:07:32 -03 - Conexión y DNS recuperados. Reiniciando contador.
jue 01 oct 2026 15:22:51 -03 - Ping/DNS fallido. Contador: 1/12
jue 01 oct 2026 15:27:54 -03 - Conexión y DNS recuperados. Reiniciando contador.
jue 01 oct 2026 15:38:06 -03 - Ping/DNS fallido. Contador: 1/12
jue 01 oct 2026 15:43:16 -03 - Ping/DNS fallido. Contador: 2/12
jue 01 oct 2026 15:48:18 -03 - Conexión y DNS recuperados. Reiniciando contador.
jue 01 oct 2026 15:53:38 -03 - Ping/DNS fallido. Contador: 1/12
jue 01 oct 2026 15:58:58 -03 - Ping/DNS fallido. Contador: 2/12
jue 01 oct 2026 16:04:13 -03 - Ping/DNS fallido. Contador: 3/12
jue 01 oct 2026 16:09:16 -03 - Conexión y DNS recuperados. Reiniciando contador.
jue 01 oct 2026 16:19:39 -03 - Ping/DNS fallido. Contador: 1/12
jue 01 oct 2026 16:24:59 -03 - Ping/DNS fallido. Contador: 2/12
jue 01 oct 2026 16:30:01 -03 - Conexión y DNS recuperados. Reiniciando contador.
jue 01 oct 2026 16:35:16 -03 - Ping/DNS fallido. Contador: 1/12
jue 01 oct 2026 16:40:36 -03 - Ping/DNS fallido. Contador: 2/12
jue 01 oct 2026 16:45:56 -03 - Ping/DNS fallido. Contador: 3/12
jue 01 oct 2026 16:50:58 -03 - Conexión y DNS recuperados. Reiniciando contador.
jue 01 oct 2026 16:56:08 -03 - Ping/DNS fallido. Contador: 1/12
jue 01 oct 2026 17:01:28 -03 - Ping/DNS fallido. Contador: 2/12
jue 01 oct 2026 17:06:49 -03 - Ping/DNS fallido. Contador: 3/12
jue 01 oct 2026 17:11:51 -03 - Conexión y DNS recuperados. Reiniciando contador.
jue 01 oct 2026 17:37:15 -03 - Ping/DNS fallido. Contador: 1/12
jue 01 oct 2026 17:42:17 -03 - Conexión y DNS recuperados. Reiniciando contador.
jue 01 oct 2026 18:02:35 -03 - Ping/DNS fallido. Contador: 1/12
jue 01 oct 2026 18:07:37 -03 - Conexión y DNS recuperados. Reiniciando contador.
jue 01 oct 2026 18:12:57 -03 - Ping/DNS fallido. Contador: 1/12
jue 01 oct 2026 18:17:59 -03 - Conexión y DNS recuperados. Reiniciando contador.
jue 01 oct 2026 18:53:26 -03 - Ping/DNS fallido. Contador: 1/12
jue 01 oct 2026 18:58:47 -03 - Ping/DNS fallido. Contador: 2/12
jue 01 oct 2026 19:03:49 -03 - Conexión y DNS recuperados. Reiniciando contador.
jue 01 oct 2026 19:08:59 -03 - Ping/DNS fallido. Contador: 1/12
jue 01 oct 2026 19:14:09 -03 - Ping/DNS fallido. Contador: 2/12
jue 01 oct 2026 19:19:16 -03 - Conexión y DNS recuperados. Reiniciando contador.
jue 01 oct 2026 19:34:40 -03 - Ping/DNS fallido. Contador: 1/12
jue 01 oct 2026 19:39:42 -03 - Conexión y DNS recuperados. Reiniciando contador.
mar 06 oct 2026 01:25:15 -03 - Ping/DNS fallido. Contador: 1/12
mar 06 oct 2026 01:30:18 -03 - Conexión y DNS recuperados. Reiniciando contador.
mar 06 oct 2026 01:35:29 -03 - Ping/DNS fallido. Contador: 1/12
mar 06 oct 2026 01:40:31 -03 - Conexión y DNS recuperados. Reiniciando contador.
mar 06 oct 2026 02:20:58 -03 - Ping/DNS fallido. Contador: 1/12
mar 06 oct 2026 02:26:01 -03 - Conexión y DNS recuperados. Reiniciando contador.
